FSM 1 : VALID TRANSITION GRAPH

000001 : STATE IS REACHABLE FROM OUTSIDE.

   OUTGOING TRANSITIONS:
      000010


000010 : FSM STATE NOT REACHABLE FROM OUTSIDE.

   OUTGOING TRANSITIONS:
      000100

   INCOMING TRANSITIONS:
      000001


000100 : FSM STATE NOT REACHABLE FROM OUTSIDE.

   OUTGOING TRANSITIONS:
      001000

   INCOMING TRANSITIONS:
      000010


100000 : FSM STATE NOT REACHABLE FROM OUTSIDE.

   OUTGOING TRANSITIONS:
      100000

   INCOMING TRANSITIONS:
      010000
      100000


001000 : FSM STATE NOT REACHABLE FROM OUTSIDE.

   OUTGOING TRANSITIONS:
      010000
      001000

   INCOMING TRANSITIONS:
      000100
      001000


010000 : FSM STATE NOT REACHABLE FROM OUTSIDE.

   OUTGOING TRANSITIONS:
      100000

   INCOMING TRANSITIONS:
      001000


FSM 1 : VALID TRANSITION GRAPH

000001 : STATE IS REACHABLE FROM OUTSIDE.

   OUTGOING TRANSITIONS:
      000010


000010 : FSM STATE NOT REACHABLE FROM OUTSIDE.

   OUTGOING TRANSITIONS:
      000100

   INCOMING TRANSITIONS:
      000001


000100 : FSM STATE NOT REACHABLE FROM OUTSIDE.

   OUTGOING TRANSITIONS:
      001000

   INCOMING TRANSITIONS:
      000010


100000 : FSM STATE NOT REACHABLE FROM OUTSIDE.

   OUTGOING TRANSITIONS:
      100000

   INCOMING TRANSITIONS:
      010000
      100000


001000 : FSM STATE NOT REACHABLE FROM OUTSIDE.

   OUTGOING TRANSITIONS:
      010000
      001000

   INCOMING TRANSITIONS:
      000100
      001000


010000 : FSM STATE NOT REACHABLE FROM OUTSIDE.

   OUTGOING TRANSITIONS:
      100000

   INCOMING TRANSITIONS:
      001000


